base referer
rect $classbase_1_1Serializable_1_1SerializableDerivedInstantiator.html 1008,9 1448,33
rect $classbase_1_1Serializable_1_1SerializableDerivedInstantiator.html 1009,72 1446,96
rect $classbase_1_1Serializable_1_1SerializableDerivedInstantiator.html 1012,134 1444,158
rect $classbase_1_1Serializable_1_1SerializableDerivedInstantiator.html 1022,197 1433,221
rect $classbase_1_1Serializable_1_1SerializableDerivedInstantiator.html 990,260 1465,284
rect $classbase_1_1Serializable_1_1SerializableDerivedInstantiator.html 998,322 1457,346
rect $classbase_1_1Serializable_1_1SerializableDerivedInstantiator.html 996,385 1460,409
rect $classbase_1_1Serializable_1_1SerializableDerivedInstantiator.html 1010,448 1445,472
rect $classbase_1_1Serializable_1_1SerializableDerivedInstantiator.html 1002,510 1453,534
rect $classbase_1_1Serializable_1_1SerializableDerivedInstantiator.html 1020,573 1436,597
rect $classbase_1_1Serializable_1_1SerializableDerivedInstantiator.html 1024,636 1432,660
rect $classbase_1_1Serializable_1_1SerializableDerivedInstantiator.html 1010,698 1445,722
rect $classbase_1_1Serializable_1_1SerializableDerivedInstantiator.html 1014,761 1441,785
rect $classbase_1_1Serializable_1_1SerializableDerivedInstantiator.html 1008,824 1448,848
rect $classbase_1_1Serializable_1_1SerializableInstantiator.html 18,417 274,441
