base referer
rect $classbase_1_1Serializable_1_1SerializableDerivedInstantiator.html 328,821 770,845
rect $classbase_1_1Serializable_1_1SerializableDerivedInstantiator.html 1008,477 1448,501
rect $classbase_1_1Serializable_1_1SerializableDerivedInstantiator.html 1009,593 1446,617
rect $classbase_1_1Serializable_1_1SerializableDerivedInstantiator.html 1012,109 1444,133
rect $classbase_1_1Serializable_1_1SerializableDerivedInstantiator.html 1022,732 1433,756
rect $classbase_1_1Serializable_1_1SerializableDerivedInstantiator.html 990,415 1465,439
rect $classbase_1_1Serializable_1_1SerializableDerivedInstantiator.html 998,359 1457,383
rect $classbase_1_1Serializable_1_1SerializableDerivedInstantiator.html 996,1400 1460,1424
rect $classbase_1_1Serializable_1_1SerializableDerivedInstantiator.html 1010,946 1445,970
rect $classbase_1_1Serializable_1_1SerializableDerivedInstantiator.html 1002,1286 1453,1310
rect $classbase_1_1Serializable_1_1SerializableDerivedInstantiator.html 1020,1173 1436,1197
rect $classbase_1_1Serializable_1_1SerializableDerivedInstantiator.html 1024,874 1432,898
rect $classbase_1_1Serializable_1_1SerializableDerivedInstantiator.html 1010,216 1445,240
rect $classbase_1_1Serializable_1_1SerializableDerivedInstantiator.html 1014,1537 1441,1561
rect $classbase_1_1Serializable_1_1SerializableDerivedInstantiator.html 1008,1060 1448,1084
