base referer
rect $classbase_1_1Path.html 408,7 480,31
rect $classphysics_1_1Material.html 390,55 497,79
rect $classphysics_1_1Shape.html 394,103 493,127
rect $classrobot_1_1KinematicChain.html 376,151 512,175
rect $classrobot_1_1KinematicChain_1_1Link.html 361,199 526,223
rect $classrobot_1_1ManipulatorDescription.html 354,247 533,271
rect $classrobot_1_1ManipulatorJointTrajectory.html 345,295 542,319
rect $classrobot_1_1PlatformDescription.html 365,343 522,367
rect $classrobot_1_1RobotDescription.html 373,390 514,414
rect $classrobot_1_1sim_1_1Environment.html 372,438 516,462
rect $classrobot_1_1sim_1_1IKORTest.html 381,486 506,510
rect $classrobot_1_1sim_1_1IKORTest_1_1Test.html 366,534 521,558
rect $classrobot_1_1sim_1_1SimulatedKinematicChain.html 333,582 554,606
rect $classrobot_1_1sim_1_1SimulatedPlatform.html 354,630 533,654
rect $classrobot_1_1sim_1_1SimulatedRobot.html 361,678 526,702
rect $classrobot_1_1ToolDescription.html 378,726 509,750
rect $classbase_1_1Object.html 19,367 104,390
